exports[`test renders title component 1`] = `
<header>
  <h1>
    My Todos
  </h1>
  <p>
     / 
  </p>
</header>
`;
